


ARM Macro Assembler    Page 1 


    1 00000000         ; Print.s
    2 00000000         ; Student names: change this to your names or look very 
                       silly
    3 00000000         ; Last modification date: change this to the last modifi
                       cation date or look very silly
    4 00000000         ; Runs on LM4F120 or TM4C123
    5 00000000         ; EE319K lab 7 device driver for any LCD
    6 00000000         ;
    7 00000000         ; As part of Lab 7, students need to implement these LCD
                       _OutDec and LCD_OutFix
    8 00000000         ; This driver assumes two low-level LCD functions
    9 00000000         ; ST7735_OutChar   outputs a single 8-bit ASCII characte
                       r
   10 00000000         ; ST7735_OutString outputs a null-terminated string 
   11 00000000         
   12 00000000                 IMPORT           ST7735_OutChar
   13 00000000                 IMPORT           ST7735_OutString
   14 00000000                 EXPORT           LCD_OutDec
   15 00000000                 EXPORT           LCD_OutFix
   16 00000000         
   17 00000000                 AREA             |.text|, CODE, READONLY, ALIGN=
2
   18 00000000                 THUMB
   19 00000000         
   20 00000000         
   21 00000000         
   22 00000000         ;-----------------------LCD_OutDec----------------------
                       -
   23 00000000         ; Output a 32-bit number in unsigned decimal format
   24 00000000         ; Input: R0 (call by value) 32-bit unsigned number
   25 00000000         ; Output: none
   26 00000000         ; Invariables: This function must not permanently modify
                        registers R4 to R11
   27 00000000         LCD_OutDec
   28 00000000 E92D 1400       PUSH             {R10, R12}
   29 00000004 F04F 0C00       MOV              R12, #0
   30 00000008 B088            SUB              SP, #32
   31 0000000A 46EA            MOV              R10, SP     ; R10 is frame poin
                                                            ter
   32 0000000C B088            SUB              SP, #32
   33 0000000E         
   34 0000000E 2800            CMP              R0, #0
   35 00000010 DB33            BLT              negative
   36 00000012         
   37 00000012         bloop
   38 00000012 00000000 
                       num     EQU              0
   39 00000012         
   40 00000012 280A            CMP              R0, #10
   41 00000014 D320            BLO              OUT
   42 00000016 9000            STR              R0, [SP, #num]
   43 00000018         
   44 00000018         loop4                                ;MOD the #
   45 00000018 380A            SUBS             R0, #10
   46 0000001A DAFD            BGE              loop4
   47 0000001C F100 000A       ADD              R0, #10
   48 00000020         
   49 00000020         
   50 00000020 F100 0030       ADD              R0, #0x30



ARM Macro Assembler    Page 2 


   51 00000024         ;PUSH {R12, LR}
   52 00000024         ;BL ST7735_OutChar
   53 00000024         ;POP{R12, LR}
   54 00000024 F80A 000C       STRB             R0, [R10, R12]
   55 00000028 F10C 0C01       ADD              R12, #1
   56 0000002C 9800            LDR              R0, [SP, #num]
   57 0000002E E01C            B                DIV10
   58 00000030         
   59 00000030         done
   60 00000030 F11C 0C00       ADDS             R12, #0
   61 00000034 D00C            BEQ              done1
   62 00000036 F1BC 0C01       SUBS             R12, #1
   63 0000003A F81A 000C       LDRB             R0, [R10, R12]
   64 0000003E E92D 4200       PUSH{R9,LR}
   65 00000042 F7FF FFFE       BL               ST7735_OutChar
   66 00000046 E8BD 4200       POP{R9,          LR}
   67 0000004A F11C 0C00       ADDS             R12, #0
   68 0000004E DCEF            BGT              done
   69 00000050         done1
   70 00000050 B004            ADD              SP, #16
   71 00000052         
   72 00000052 E8BD 1400       POP{R10,         R12}
   73 00000056         
   74 00000056         
   75 00000056 4770            BX               LR
   76 00000058         OUT
   77 00000058 F100 0030       ADD              R0, #0x30
   78 0000005C E92D 4200       PUSH{R9,LR}
   79 00000060 F7FF FFFE       BL               ST7735_OutChar
   80 00000064 E8BD 4200       POP{R9,          LR}
   81 00000068 E7E2            B                done
   82 0000006A         DIV10
   83 0000006A F04F 31FF       MOV              R1, #-1
   84 0000006E         loop
   85 0000006E F101 0101       ADD              R1, #1
   86 00000072 380A            SUBS             R0, #10
   87 00000074 DAFB            BGE              loop
   88 00000076 4608            MOV              R0, R1
   89 00000078 E7CB            B                bloop
   90 0000007A         
   91 0000007A         
   92 0000007A         
   93 0000007A         negative
   94 0000007A         ; B bloop
   95 0000007A 280A            CMP              R0, #10
   96 0000007C D3EC            BLO              OUT
   97 0000007E 9000            STR              R0, [SP, #num]
   98 00000080         loopc                                ;MOD the #
   99 00000080 380A            SUBS             R0, #10
  100 00000082 280A            CMP              R0, #10
  101 00000084 D8FC            BHI              loopc
  102 00000086         
  103 00000086 F100 0030       ADD              R0, #0x30
  104 0000008A         ;PUSH {R12, LR}
  105 0000008A         ;BL ST7735_OutChar
  106 0000008A         ;POP{R12, LR}
  107 0000008A F80A 000C       STRB             R0, [R10, R12]
  108 0000008E F10C 0C01       ADD              R12, #1
  109 00000092 9800            LDR              R0, [SP, #num]



ARM Macro Assembler    Page 3 


  110 00000094 F04F 010A       MOV              R1, #10
  111 00000098 FBB0 F0F1       UDIV             R0, R1
  112 0000009C E7ED            B                negative
  113 0000009E         
  114 0000009E         ;* * * * * * * * End of LCD_OutDec * * * * * * * *
  115 0000009E         
  116 0000009E         ; -----------------------LCD _OutFix--------------------
                       --
  117 0000009E         ; Output characters to LCD display in fixed-point format
                       
  118 0000009E         ; unsigned decimal, resolution 0.001, range 0.000 to 9.9
                       99
  119 0000009E         ; Inputs:  R0 is an unsigned 32-bit number
  120 0000009E         ; Outputs: none
  121 0000009E         ; E.g., R0=0,    then output "0.000 "
  122 0000009E         ;       R0=3,    then output "0.003 "
  123 0000009E         ;       R0=89,   then output "0.089 "
  124 0000009E         ;       R0=123,  then output "0.123 "
  125 0000009E         ;       R0=9999, then output "9.999 "
  126 0000009E         ;       R0>9999, then output "*.*** "
  127 0000009E         ; Invariables: This function must not permanently modify
                        registers R4 to R11
  128 0000009E         LCD_OutFix
  129 0000009E 00000000 
                       cnt     EQU              0
  130 0000009E E92D 4800       PUSH{R11,LR}
  131 000000A2 B082            SUB              SP, #8
  132 000000A4 F1AD 0B05       SUB              R11, SP, #5
  133 000000A8 B082            SUB              SP, #8
  134 000000AA F04F 0100       MOV              R1, #0
  135 000000AE F88D 1000       STRB             R1, [SP, #cnt]
  136 000000B2 F04F 022A       MOV              R2, #0x2A
  137 000000B6 F88B 2000       STRB             R2, [R11, #0]
  138 000000BA F88B 2001       STRB             R2, [R11, #1]
  139 000000BE F88B 2002       STRB             R2, [R11, #2]
  140 000000C2 F88B 2004       STRB             R2, [R11, #4]
  141 000000C6 F04F 022E       MOV              R2, #0x2E
  142 000000CA F88B 2003       STRB             R2, [R11, #3]
  143 000000CE 2800            CMP              R0, #0
  144 000000D0 DB26            BLT              OUT2
  145 000000D2 F6A0 5205       SUB              R2, R0, #3333
  146 000000D6 F6A2 5205       SUB              R2, #3333
  147 000000DA F6A2 5204       SUB              R2, #3332
  148 000000DE 3A01            SUBS             R2, #1
  149 000000E0 DC1E            BGT              OUT2
  150 000000E2         loop2
  151 000000E2 4602            MOV              R2, R0
  152 000000E4         loop5                                ;MOD the #
  153 000000E4 3A0A            SUBS             R2, #10
  154 000000E6         
  155 000000E6 DAFD            BGE              loop5
  156 000000E8 F102 020A       ADD              R2, #10
  157 000000EC         
  158 000000EC F102 0230       ADD              R2, #0x30
  159 000000F0 F89D 1000       LDRB             R1, [SP, #cnt]
  160 000000F4 F80B 2001       STRB             R2, [R11, R1]
  161 000000F8         
  162 000000F8 1F0A            SUBS             R2, R1, #4  ; check whether go 
                                                            to out2



ARM Macro Assembler    Page 4 


  163 000000FA D011            BEQ              OUT2
  164 000000FC         
  165 000000FC F04F 32FF       MOV              R2, #-1     ;divide it by 10
  166 00000100         loop3
  167 00000100 F102 0201       ADD              R2, #1
  168 00000104 380A            SUBS             R0, #10
  169 00000106 DAFB            BGE              loop3
  170 00000108 4610            MOV              R0, R2
  171 0000010A         
  172 0000010A F101 0101       ADD              R1, #1
  173 0000010E F88D 1000       STRB             R1, [SP, #cnt]
  174 00000112 1ECA            SUBS             R2, R1, #3
  175 00000114 D1E5            BNE              loop2       ; increment cnt aga
                                                            in again
  176 00000116 F101 0101       ADD              R1, #1
  177 0000011A F88D 1000       STRB             R1, [SP, #cnt]
  178 0000011E E7E0            B                loop2
  179 00000120         
  180 00000120         OUT2
  181 00000120 F89B 0004       LDRB             R0, [R11, #4]
  182 00000124 F7FF FFFE       BL               ST7735_OutChar
  183 00000128 F89B 0003       LDRB             R0, [R11, #3]
  184 0000012C F7FF FFFE       BL               ST7735_OutChar
  185 00000130 F89B 0002       LDRB             R0, [R11, #2]
  186 00000134 F7FF FFFE       BL               ST7735_OutChar
  187 00000138 F89B 0001       LDRB             R0, [R11, #1]
  188 0000013C F7FF FFFE       BL               ST7735_OutChar
  189 00000140 F89B 0000       LDRB             R0, [R11, #0]
  190 00000144 F7FF FFFE       BL               ST7735_OutChar
  191 00000148 B002            ADD              SP, #8
  192 0000014A B002            ADD              SP, #8
  193 0000014C E8BD 4800       POP{R11,LR}
  194 00000150         
  195 00000150 4770            BX               LR
  196 00000152         
  197 00000152 00 00           ALIGN
  198 00000154         ;* * * * * * * * End of LCD_OutFix * * * * * * * *
  199 00000154         
  200 00000154                 ALIGN                        ; make sure the end
                                                             of this section is
                                                             aligned
  201 00000154                 END                          ; end of file
Command Line: --debug --xref --diag_suppress=9931 --cpu=Cortex-M4 --apcs=interw
ork --depend=.\print.d -o.\print.o -I.\RTE\_SpaceInvaders -IC:\Keil_v5\ARM\PACK
\ARM\CMSIS\5.4.0\CMSIS\Core\Include -IC:\Keil_v5\ARM\PACK\Keil\TM4C_DFP\1.1.0\D
evice\Include\TM4C123 --predefine="__EVAL SETA 1" --predefine="__UVISION_VERSIO
N SETA 526" --predefine="_RTE_ SETA 1" --predefine="TM4C123GH6PM SETA 1" --list
=.\print.lst Print.s



ARM Macro Assembler    Page 1 Alphabetic symbol ordering
Relocatable symbols

.text 00000000

Symbol: .text
   Definitions
      At line 17 in file Print.s
   Uses
      None
Comment: .text unused
DIV10 0000006A

Symbol: DIV10
   Definitions
      At line 82 in file Print.s
   Uses
      At line 57 in file Print.s
Comment: DIV10 used once
LCD_OutDec 00000000

Symbol: LCD_OutDec
   Definitions
      At line 27 in file Print.s
   Uses
      At line 14 in file Print.s
Comment: LCD_OutDec used once
LCD_OutFix 0000009E

Symbol: LCD_OutFix
   Definitions
      At line 128 in file Print.s
   Uses
      At line 15 in file Print.s
Comment: LCD_OutFix used once
OUT 00000058

Symbol: OUT
   Definitions
      At line 76 in file Print.s
   Uses
      At line 41 in file Print.s
      At line 96 in file Print.s

OUT2 00000120

Symbol: OUT2
   Definitions
      At line 180 in file Print.s
   Uses
      At line 144 in file Print.s
      At line 149 in file Print.s
      At line 163 in file Print.s

bloop 00000012

Symbol: bloop
   Definitions
      At line 37 in file Print.s
   Uses
      At line 89 in file Print.s
Comment: bloop used once



ARM Macro Assembler    Page 2 Alphabetic symbol ordering
Relocatable symbols

done 00000030

Symbol: done
   Definitions
      At line 59 in file Print.s
   Uses
      At line 68 in file Print.s
      At line 81 in file Print.s

done1 00000050

Symbol: done1
   Definitions
      At line 69 in file Print.s
   Uses
      At line 61 in file Print.s
Comment: done1 used once
loop 0000006E

Symbol: loop
   Definitions
      At line 84 in file Print.s
   Uses
      At line 87 in file Print.s
Comment: loop used once
loop2 000000E2

Symbol: loop2
   Definitions
      At line 150 in file Print.s
   Uses
      At line 175 in file Print.s
      At line 178 in file Print.s

loop3 00000100

Symbol: loop3
   Definitions
      At line 166 in file Print.s
   Uses
      At line 169 in file Print.s
Comment: loop3 used once
loop4 00000018

Symbol: loop4
   Definitions
      At line 44 in file Print.s
   Uses
      At line 46 in file Print.s
Comment: loop4 used once
loop5 000000E4

Symbol: loop5
   Definitions
      At line 152 in file Print.s
   Uses
      At line 155 in file Print.s
Comment: loop5 used once
loopc 00000080



ARM Macro Assembler    Page 3 Alphabetic symbol ordering
Relocatable symbols


Symbol: loopc
   Definitions
      At line 98 in file Print.s
   Uses
      At line 101 in file Print.s
Comment: loopc used once
negative 0000007A

Symbol: negative
   Definitions
      At line 93 in file Print.s
   Uses
      At line 35 in file Print.s
      At line 112 in file Print.s

16 symbols



ARM Macro Assembler    Page 1 Alphabetic symbol ordering
Absolute symbols

cnt 00000000

Symbol: cnt
   Definitions
      At line 129 in file Print.s
   Uses
      At line 135 in file Print.s
      At line 159 in file Print.s
      At line 173 in file Print.s
      At line 177 in file Print.s

num 00000000

Symbol: num
   Definitions
      At line 38 in file Print.s
   Uses
      At line 42 in file Print.s
      At line 56 in file Print.s
      At line 97 in file Print.s
      At line 109 in file Print.s

2 symbols



ARM Macro Assembler    Page 1 Alphabetic symbol ordering
External symbols

ST7735_OutChar 00000000

Symbol: ST7735_OutChar
   Definitions
      At line 12 in file Print.s
   Uses
      At line 65 in file Print.s
      At line 79 in file Print.s
      At line 182 in file Print.s
      At line 184 in file Print.s
      At line 186 in file Print.s
      At line 188 in file Print.s
      At line 190 in file Print.s

ST7735_OutString 00000000

Symbol: ST7735_OutString
   Definitions
      At line 13 in file Print.s
   Uses
      None
Comment: ST7735_OutString unused
2 symbols
354 symbols in table
